backend/src/common/interceptors/timeout.interceptor.ts(19,13): error TS6133: 'context' is declared but its value is never read.
backend/src/database/prisma.service.spec.ts(43,58): error TS7006: Parameter 'cb' implicitly has an 'any' type.
backend/src/database/prisma.service.spec.ts(45,13): error TS6133: 'result' is declared but its value is never read.
backend/src/database/prisma.service.ts(95,9): error TS2322: Type 'any[]' is not assignable to type 'T'.
  'T' could be instantiated with an arbitrary type which could be unrelated to 'any[]'.
backend/src/database/prisma.service.ts(95,40): error TS2769: No overload matches this call.
  Overload 1 of 2, '(arg: PrismaPromise<any>[], options?: { isolationLevel?: TransactionIsolationLevel; } | undefined): Promise<any[]>', gave the following error.
    Argument of type '(tx: PrismaClient<PrismaClientOptions, never, DefaultArgs>) => Promise<T>' is not assignable to parameter of type 'PrismaPromise<any>[]'.
  Overload 2 of 2, '(fn: (prisma: Omit<PrismaClient<PrismaClientOptions, never, DefaultArgs>, "$transaction" | "$connect" | "$disconnect" | "$on" | "$extends">) => Promise<...>, options?: { ...; } | undefined): Promise<...>', gave the following error.
    Argument of type '(tx: PrismaClient<PrismaClientOptions, never, DefaultArgs>) => Promise<T>' is not assignable to parameter of type '(prisma: Omit<PrismaClient<PrismaClientOptions, never, DefaultArgs>, "$transaction" | "$connect" | "$disconnect" | "$on" | "$extends">) => Promise<...>'.
      Types of parameters 'tx' and 'prisma' are incompatible.
        Type 'Omit<PrismaClient<PrismaClientOptions, never, DefaultArgs>, "$transaction" | "$connect" | "$disconnect" | "$on" | "$extends">' is missing the following properties from type 'PrismaClient<PrismaClientOptions, never, DefaultArgs>': $on, $connect, $disconnect, $transaction, $extends
backend/src/modules/analytics/analytics.service.ts(168,46): error TS6133: 'query' is declared but its value is never read.
backend/src/modules/analytics/analytics.service.ts(226,9): error TS2322: Type 'string | undefined' is not assignable to type 'string'.
  Type 'undefined' is not assignable to type 'string'.
backend/src/modules/auth/auth.controller.ts(7,3): error TS6133: 'UseGuards' is declared but its value is never read.
backend/src/modules/auth/auth.controller.ts(92,41): error TS1272: A type referenced in a decorated signature must be imported with 'import type' or a namespace import when 'isolatedModules' and 'emitDecoratorMetadata' are enabled.
backend/src/modules/auth/auth.module.ts(21,7): error TS2322: Type '(configService: ConfigService) => Promise<{ secret: string | undefined; signOptions: { expiresIn: string; }; }>' is not assignable to type '(...args: any[]) => JwtModuleOptions | Promise<JwtModuleOptions>'.
  Type 'Promise<{ secret: string | undefined; signOptions: { expiresIn: string; }; }>' is not assignable to type 'JwtModuleOptions | Promise<JwtModuleOptions>'.
    Type 'Promise<{ secret: string | undefined; signOptions: { expiresIn: string; }; }>' is not assignable to type 'Promise<JwtModuleOptions>'.
      Type '{ secret: string | undefined; signOptions: { expiresIn: string; }; }' is not assignable to type 'JwtModuleOptions' with 'exactOptionalPropertyTypes: true'. Consider adding 'undefined' to the types of the target's properties.
        Types of property 'secret' are incompatible.
          Type 'string | undefined' is not assignable to type 'string | Buffer<ArrayBufferLike>'.
            Type 'undefined' is not assignable to type 'string | Buffer<ArrayBufferLike>'.
backend/src/modules/auth/auth.service.spec.ts(75,30): error TS2339: Property 'mockResolvedValue' does not exist on type '<T extends UserFindUniqueArgs>(args: SelectSubset<T, UserFindUniqueArgs<DefaultArgs>>) => Prisma__UserClient<GetFindResult<$UserPayload<DefaultArgs>, T, PrismaClientOptions> | null, null, DefaultArgs, PrismaClientOptions>'.
backend/src/modules/auth/auth.service.spec.ts(77,26): error TS2339: Property 'mockResolvedValue' does not exist on type '<T extends UserCreateArgs>(args: SelectSubset<T, UserCreateArgs<DefaultArgs>>) => Prisma__UserClient<GetFindResult<$UserPayload<DefaultArgs>, T, PrismaClientOptions>, never, DefaultArgs, PrismaClientOptions>'.
backend/src/modules/auth/auth.service.spec.ts(99,30): error TS2339: Property 'mockResolvedValue' does not exist on type '<T extends UserFindUniqueArgs>(args: SelectSubset<T, UserFindUniqueArgs<DefaultArgs>>) => Prisma__UserClient<GetFindResult<$UserPayload<DefaultArgs>, T, PrismaClientOptions> | null, null, DefaultArgs, PrismaClientOptions>'.
backend/src/modules/auth/auth.service.spec.ts(108,30): error TS2339: Property 'mockResolvedValue' does not exist on type '<T extends UserFindUniqueArgs>(args: SelectSubset<T, UserFindUniqueArgs<DefaultArgs>>) => Prisma__UserClient<GetFindResult<$UserPayload<DefaultArgs>, T, PrismaClientOptions> | null, null, DefaultArgs, PrismaClientOptions>'.
backend/src/modules/auth/auth.service.spec.ts(125,30): error TS2339: Property 'mockResolvedValue' does not exist on type '<T extends UserFindUniqueArgs>(args: SelectSubset<T, UserFindUniqueArgs<DefaultArgs>>) => Prisma__UserClient<GetFindResult<$UserPayload<DefaultArgs>, T, PrismaClientOptions> | null, null, DefaultArgs, PrismaClientOptions>'.
backend/src/modules/auth/auth.service.spec.ts(144,30): error TS2339: Property 'mockResolvedValue' does not exist on type '<T extends UserFindUniqueArgs>(args: SelectSubset<T, UserFindUniqueArgs<DefaultArgs>>) => Prisma__UserClient<GetFindResult<$UserPayload<DefaultArgs>, T, PrismaClientOptions> | null, null, DefaultArgs, PrismaClientOptions>'.
backend/src/modules/auth/auth.service.spec.ts(153,30): error TS2339: Property 'mockResolvedValue' does not exist on type '<T extends UserFindUniqueArgs>(args: SelectSubset<T, UserFindUniqueArgs<DefaultArgs>>) => Prisma__UserClient<GetFindResult<$UserPayload<DefaultArgs>, T, PrismaClientOptions> | null, null, DefaultArgs, PrismaClientOptions>'.
backend/src/modules/auth/auth.service.spec.ts(163,30): error TS2339: Property 'mockResolvedValue' does not exist on type '<T extends UserFindUniqueArgs>(args: SelectSubset<T, UserFindUniqueArgs<DefaultArgs>>) => Prisma__UserClient<GetFindResult<$UserPayload<DefaultArgs>, T, PrismaClientOptions> | null, null, DefaultArgs, PrismaClientOptions>'.
backend/src/modules/auth/auth.service.spec.ts(175,30): error TS2339: Property 'mockResolvedValue' does not exist on type '<T extends UserFindUniqueArgs>(args: SelectSubset<T, UserFindUniqueArgs<DefaultArgs>>) => Prisma__UserClient<GetFindResult<$UserPayload<DefaultArgs>, T, PrismaClientOptions> | null, null, DefaultArgs, PrismaClientOptions>'.
backend/src/modules/auth/auth.service.spec.ts(186,30): error TS2339: Property 'mockResolvedValue' does not exist on type '<T extends UserFindUniqueArgs>(args: SelectSubset<T, UserFindUniqueArgs<DefaultArgs>>) => Prisma__UserClient<GetFindResult<$UserPayload<DefaultArgs>, T, PrismaClientOptions> | null, null, DefaultArgs, PrismaClientOptions>'.
backend/src/modules/auth/auth.service.spec.ts(200,30): error TS2339: Property 'mockResolvedValue' does not exist on type '<T extends UserFindUniqueArgs>(args: SelectSubset<T, UserFindUniqueArgs<DefaultArgs>>) => Prisma__UserClient<GetFindResult<$UserPayload<DefaultArgs>, T, PrismaClientOptions> | null, null, DefaultArgs, PrismaClientOptions>'.
backend/src/modules/auth/auth.service.spec.ts(229,30): error TS2339: Property 'mockResolvedValue' does not exist on type '<T extends UserFindUniqueArgs>(args: SelectSubset<T, UserFindUniqueArgs<DefaultArgs>>) => Prisma__UserClient<GetFindResult<$UserPayload<DefaultArgs>, T, PrismaClientOptions> | null, null, DefaultArgs, PrismaClientOptions>'.
backend/src/modules/auth/auth.service.ts(97,60): error TS2379: Argument of type '{ secret: string | undefined; }' is not assignable to parameter of type 'JwtVerifyOptions' with 'exactOptionalPropertyTypes: true'. Consider adding 'undefined' to the types of the target's properties.
  Types of property 'secret' are incompatible.
    Type 'string | undefined' is not assignable to type 'string | Buffer<ArrayBufferLike>'.
      Type 'undefined' is not assignable to type 'string | Buffer<ArrayBufferLike>'.
backend/src/modules/auth/auth.service.ts(186,42): error TS2769: No overload matches this call.
  Overload 1 of 2, '(payload: string, options?: Omit<JwtSignOptions, keyof SignOptions> | undefined): string', gave the following error.
    Argument of type 'JwtPayload' is not assignable to parameter of type 'string'.
  Overload 2 of 2, '(payload: object | Buffer<ArrayBufferLike>, options?: JwtSignOptions | undefined): string', gave the following error.
    Argument of type '{ secret: string | undefined; expiresIn: string; }' is not assignable to parameter of type 'JwtSignOptions' with 'exactOptionalPropertyTypes: true'. Consider adding 'undefined' to the types of the target's properties.
      Types of property 'secret' are incompatible.
        Type 'string | undefined' is not assignable to type 'string | Buffer<ArrayBufferLike>'.
          Type 'undefined' is not assignable to type 'string | Buffer<ArrayBufferLike>'.
backend/src/modules/auth/dto/auth-response.dto.ts(8,3): error TS2564: Property 'accessToken' has no initializer and is not definitely assigned in the constructor.
backend/src/modules/auth/dto/auth-response.dto.ts(11,3): error TS2564: Property 'refreshToken' has no initializer and is not definitely assigned in the constructor.
backend/src/modules/auth/dto/auth-response.dto.ts(14,3): error TS2564: Property 'expiresIn' has no initializer and is not definitely assigned in the constructor.
backend/src/modules/auth/dto/auth-response.dto.ts(17,3): error TS2564: Property 'tokenType' has no initializer and is not definitely assigned in the constructor.
backend/src/modules/auth/dto/auth.dto.ts(11,3): error TS2564: Property 'name' has no initializer and is not definitely assigned in the constructor.
backend/src/modules/auth/dto/auth.dto.ts(16,3): error TS2564: Property 'email' has no initializer and is not definitely assigned in the constructor.
backend/src/modules/auth/dto/auth.dto.ts(25,3): error TS2564: Property 'password' has no initializer and is not definitely assigned in the constructor.
backend/src/modules/auth/dto/auth.dto.ts(34,3): error TS2564: Property 'email' has no initializer and is not definitely assigned in the constructor.
backend/src/modules/auth/dto/auth.dto.ts(39,3): error TS2564: Property 'password' has no initializer and is not definitely assigned in the constructor.
backend/src/modules/auth/dto/auth.dto.ts(48,3): error TS2564: Property 'refreshToken' has no initializer and is not definitely assigned in the constructor.
backend/src/modules/budgets/budgets.controller.spec.ts(152,51): error TS2353: Object literal may only specify known properties, and 'recommendations' does not exist in type 'Promise<void>'.
backend/src/modules/budgets/budgets.controller.spec.ts(154,60): error TS2345: Argument of type '{ targetSavings: number; }' is not assignable to parameter of type 'OptimizeBudgetDto'.
  Property 'totalIncome' is missing in type '{ targetSavings: number; }' but required in type 'OptimizeBudgetDto'.
backend/src/modules/budgets/budgets.controller.spec.ts(171,54): error TS2353: Object literal may only specify known properties, and 'id' does not exist in type 'Promise<void>'.
backend/src/modules/budgets/budgets.controller.spec.ts(173,64): error TS2345: Argument of type '{ category: string; amount: number; startDate: Date; endDate: Date; sharedWith: string[]; }' is not assignable to parameter of type 'CreateSharedBudgetDto'.
  Property 'name' is missing in type '{ category: string; amount: number; startDate: Date; endDate: Date; sharedWith: string[]; }' but required in type 'CreateSharedBudgetDto'.
backend/src/modules/budgets/budgets.service.spec.ts(67,43): error TS2345: Argument of type '{ id: string; userId: string; category: string; amount: Decimal; spent: Decimal; startDate: Date; endDate: Date; rollover: boolean; alertThreshold: number; createdAt: Date; updatedAt: Date; }' is not assignable to parameter of type '{ id: string; createdAt: Date; updatedAt: Date; amount: Decimal; category: string; userId: string; spent: Decimal; month: number; year: number; rollover: boolean; alertThreshold: Decimal | null; } | Promise<...>'.
  Type '{ id: string; userId: string; category: string; amount: Decimal; spent: Decimal; startDate: Date; endDate: Date; rollover: boolean; alertThreshold: number; createdAt: Date; updatedAt: Date; }' is missing the following properties from type '{ id: string; createdAt: Date; updatedAt: Date; amount: Decimal; category: string; userId: string; spent: Decimal; month: number; year: number; rollover: boolean; alertThreshold: Decimal | null; }': month, year
backend/src/modules/budgets/budgets.service.spec.ts(129,53): error TS2739: Type '{ id: string; userId: string; category: string; amount: Decimal; spent: Decimal; startDate: Date; endDate: Date; rollover: boolean; alertThreshold: number; createdAt: Date; updatedAt: Date; }' is missing the following properties from type '{ id: string; createdAt: Date; updatedAt: Date; amount: Decimal; category: string; userId: string; spent: Decimal; month: number; year: number; rollover: boolean; alertThreshold: Decimal | null; }': month, year
backend/src/modules/budgets/budgets.service.spec.ts(144,44): error TS2345: Argument of type '{ id: string; userId: string; category: string; amount: Decimal; spent: Decimal; startDate: Date; endDate: Date; rollover: boolean; alertThreshold: number; createdAt: Date; updatedAt: Date; }[]' is not assignable to parameter of type '{ id: string; createdAt: Date; updatedAt: Date; amount: Decimal; category: string; userId: string; spent: Decimal; month: number; year: number; rollover: boolean; alertThreshold: Decimal | null; }[] | Promise<...>'.
  Type '{ id: string; userId: string; category: string; amount: Decimal; spent: Decimal; startDate: Date; endDate: Date; rollover: boolean; alertThreshold: number; createdAt: Date; updatedAt: Date; }[]' is not assignable to type '{ id: string; createdAt: Date; updatedAt: Date; amount: Decimal; category: string; userId: string; spent: Decimal; month: number; year: number; rollover: boolean; alertThreshold: Decimal | null; }[]'.
    Type '{ id: string; userId: string; category: string; amount: Decimal; spent: Decimal; startDate: Date; endDate: Date; rollover: boolean; alertThreshold: number; createdAt: Date; updatedAt: Date; }' is missing the following properties from type '{ id: string; createdAt: Date; updatedAt: Date; amount: Decimal; category: string; userId: string; spent: Decimal; month: number; year: number; rollover: boolean; alertThreshold: Decimal | null; }': month, year
backend/src/modules/budgets/budgets.service.spec.ts(166,45): error TS2345: Argument of type '{ id: string; userId: string; category: string; amount: Decimal; spent: Decimal; startDate: Date; endDate: Date; rollover: boolean; alertThreshold: number; createdAt: Date; updatedAt: Date; }' is not assignable to parameter of type '{ id: string; createdAt: Date; updatedAt: Date; amount: Decimal; category: string; userId: string; spent: Decimal; month: number; year: number; rollover: boolean; alertThreshold: Decimal | null; } | Promise<...> | null'.
  Type '{ id: string; userId: string; category: string; amount: Decimal; spent: Decimal; startDate: Date; endDate: Date; rollover: boolean; alertThreshold: number; createdAt: Date; updatedAt: Date; }' is missing the following properties from type '{ id: string; createdAt: Date; updatedAt: Date; amount: Decimal; category: string; userId: string; spent: Decimal; month: number; year: number; rollover: boolean; alertThreshold: Decimal | null; }': month, year
backend/src/modules/budgets/budgets.service.spec.ts(200,45): error TS2345: Argument of type '{ id: string; userId: string; category: string; amount: Decimal; spent: Decimal; startDate: Date; endDate: Date; rollover: boolean; alertThreshold: number; createdAt: Date; updatedAt: Date; }' is not assignable to parameter of type '{ id: string; createdAt: Date; updatedAt: Date; amount: Decimal; category: string; userId: string; spent: Decimal; month: number; year: number; rollover: boolean; alertThreshold: Decimal | null; } | Promise<...> | null'.
  Type '{ id: string; userId: string; category: string; amount: Decimal; spent: Decimal; startDate: Date; endDate: Date; rollover: boolean; alertThreshold: number; createdAt: Date; updatedAt: Date; }' is missing the following properties from type '{ id: string; createdAt: Date; updatedAt: Date; amount: Decimal; category: string; userId: string; spent: Decimal; month: number; year: number; rollover: boolean; alertThreshold: Decimal | null; }': month, year
backend/src/modules/budgets/budgets.service.spec.ts(201,43): error TS2345: Argument of type '{ amount: Decimal; alertThreshold: number; id: string; userId: string; category: string; spent: Decimal; startDate: Date; endDate: Date; rollover: boolean; createdAt: Date; updatedAt: Date; }' is not assignable to parameter of type '{ id: string; createdAt: Date; updatedAt: Date; amount: Decimal; category: string; userId: string; spent: Decimal; month: number; year: number; rollover: boolean; alertThreshold: Decimal | null; } | Promise<...>'.
  Type '{ amount: Decimal; alertThreshold: number; id: string; userId: string; category: string; spent: Decimal; startDate: Date; endDate: Date; rollover: boolean; createdAt: Date; updatedAt: Date; }' is missing the following properties from type '{ id: string; createdAt: Date; updatedAt: Date; amount: Decimal; category: string; userId: string; spent: Decimal; month: number; year: number; rollover: boolean; alertThreshold: Decimal | null; }': month, year
backend/src/modules/budgets/budgets.service.spec.ts(222,45): error TS2345: Argument of type '{ id: string; userId: string; category: string; amount: Decimal; spent: Decimal; startDate: Date; endDate: Date; rollover: boolean; alertThreshold: number; createdAt: Date; updatedAt: Date; }' is not assignable to parameter of type '{ id: string; createdAt: Date; updatedAt: Date; amount: Decimal; category: string; userId: string; spent: Decimal; month: number; year: number; rollover: boolean; alertThreshold: Decimal | null; } | Promise<...> | null'.
  Type '{ id: string; userId: string; category: string; amount: Decimal; spent: Decimal; startDate: Date; endDate: Date; rollover: boolean; alertThreshold: number; createdAt: Date; updatedAt: Date; }' is missing the following properties from type '{ id: string; createdAt: Date; updatedAt: Date; amount: Decimal; category: string; userId: string; spent: Decimal; month: number; year: number; rollover: boolean; alertThreshold: Decimal | null; }': month, year
backend/src/modules/budgets/budgets.service.spec.ts(223,43): error TS2345: Argument of type 'undefined' is not assignable to parameter of type '{ id: string; createdAt: Date; updatedAt: Date; amount: Decimal; category: string; userId: string; spent: Decimal; month: number; year: number; rollover: boolean; alertThreshold: Decimal | null; } | Promise<...>'.
backend/src/modules/budgets/budgets.service.spec.ts(254,44): error TS2345: Argument of type '{ id: string; userId: string; category: string; amount: Decimal; spent: Decimal; startDate: Date; endDate: Date; rollover: boolean; alertThreshold: number; createdAt: Date; updatedAt: Date; }[]' is not assignable to parameter of type '{ id: string; createdAt: Date; updatedAt: Date; amount: Decimal; category: string; userId: string; spent: Decimal; month: number; year: number; rollover: boolean; alertThreshold: Decimal | null; }[] | Promise<...>'.
  Type '{ id: string; userId: string; category: string; amount: Decimal; spent: Decimal; startDate: Date; endDate: Date; rollover: boolean; alertThreshold: number; createdAt: Date; updatedAt: Date; }[]' is not assignable to type '{ id: string; createdAt: Date; updatedAt: Date; amount: Decimal; category: string; userId: string; spent: Decimal; month: number; year: number; rollover: boolean; alertThreshold: Decimal | null; }[]'.
    Type '{ id: string; userId: string; category: string; amount: Decimal; spent: Decimal; startDate: Date; endDate: Date; rollover: boolean; alertThreshold: number; createdAt: Date; updatedAt: Date; }' is missing the following properties from type '{ id: string; createdAt: Date; updatedAt: Date; amount: Decimal; category: string; userId: string; spent: Decimal; month: number; year: number; rollover: boolean; alertThreshold: Decimal | null; }': month, year
backend/src/modules/budgets/budgets.service.spec.ts(278,45): error TS2739: Type '{ id: string; userId: string; category: string; amount: Decimal; spent: Decimal; startDate: Date; endDate: Date; rollover: boolean; alertThreshold: number; createdAt: Date; updatedAt: Date; }' is missing the following properties from type '{ id: string; createdAt: Date; updatedAt: Date; amount: Decimal; category: string; userId: string; spent: Decimal; month: number; year: number; rollover: boolean; alertThreshold: Decimal | null; }': month, year
backend/src/modules/budgets/budgets.service.spec.ts(298,45): error TS2739: Type '{ spent: Decimal; id: string; userId: string; category: string; amount: Decimal; startDate: Date; endDate: Date; rollover: boolean; alertThreshold: number; createdAt: Date; updatedAt: Date; }' is missing the following properties from type '{ id: string; createdAt: Date; updatedAt: Date; amount: Decimal; category: string; userId: string; spent: Decimal; month: number; year: number; rollover: boolean; alertThreshold: Decimal | null; }': month, year
backend/src/modules/budgets/budgets.service.spec.ts(302,14): error TS2532: Object is possibly 'undefined'.
backend/src/modules/budgets/budgets.service.spec.ts(303,14): error TS2532: Object is possibly 'undefined'.
backend/src/modules/budgets/budgets.service.spec.ts(326,60): error TS2739: Type '{ rollover: boolean; spent: Decimal; id: string; userId: string; category: string; amount: Decimal; startDate: Date; endDate: Date; alertThreshold: number; createdAt: Date; updatedAt: Date; }' is missing the following properties from type '{ id: string; createdAt: Date; updatedAt: Date; amount: Decimal; category: string; userId: string; spent: Decimal; month: number; year: number; rollover: boolean; alertThreshold: Decimal | null; }': month, year
backend/src/modules/budgets/budgets.service.spec.ts(327,43): error TS2345: Argument of type '{ rollover: boolean; spent: Decimal; id: string; userId: string; category: string; amount: Decimal; startDate: Date; endDate: Date; alertThreshold: number; createdAt: Date; updatedAt: Date; }' is not assignable to parameter of type '{ id: string; createdAt: Date; updatedAt: Date; amount: Decimal; category: string; userId: string; spent: Decimal; month: number; year: number; rollover: boolean; alertThreshold: Decimal | null; } | Promise<...>'.
  Type '{ rollover: boolean; spent: Decimal; id: string; userId: string; category: string; amount: Decimal; startDate: Date; endDate: Date; alertThreshold: number; createdAt: Date; updatedAt: Date; }' is missing the following properties from type '{ id: string; createdAt: Date; updatedAt: Date; amount: Decimal; category: string; userId: string; spent: Decimal; month: number; year: number; rollover: boolean; alertThreshold: Decimal | null; }': month, year
backend/src/modules/budgets/budgets.service.spec.ts(351,60): error TS2739: Type '{ rollover: boolean; spent: Decimal; id: string; userId: string; category: string; amount: Decimal; startDate: Date; endDate: Date; alertThreshold: number; createdAt: Date; updatedAt: Date; }' is missing the following properties from type '{ id: string; createdAt: Date; updatedAt: Date; amount: Decimal; category: string; userId: string; spent: Decimal; month: number; year: number; rollover: boolean; alertThreshold: Decimal | null; }': month, year
backend/src/modules/budgets/budgets.service.spec.ts(365,60): error TS2739: Type '{ rollover: boolean; id: string; userId: string; category: string; amount: Decimal; spent: Decimal; startDate: Date; endDate: Date; alertThreshold: number; createdAt: Date; updatedAt: Date; }' is missing the following properties from type '{ id: string; createdAt: Date; updatedAt: Date; amount: Decimal; category: string; userId: string; spent: Decimal; month: number; year: number; rollover: boolean; alertThreshold: Decimal | null; }': month, year
backend/src/modules/budgets/budgets.service.spec.ts(367,13): error TS6133: 'result' is declared but its value is never read.
backend/src/modules/budgets/budgets.service.spec.ts(376,47): error TS2353: Object literal may only specify known properties, and 'targetSavings' does not exist in type 'OptimizeBudgetDto'.
backend/src/modules/budgets/budgets.service.spec.ts(384,48): error TS2345: Argument of type '{ category: string; amount: number; startDate: Date; endDate: Date; sharedWith: string[]; }' is not assignable to parameter of type 'CreateSharedBudgetDto'.
  Property 'name' is missing in type '{ category: string; amount: number; startDate: Date; endDate: Date; sharedWith: string[]; }' but required in type 'CreateSharedBudgetDto'.
backend/src/modules/budgets/budgets.service.ts(151,25): error TS6133: 'userId' is declared but its value is never read.
backend/src/modules/budgets/budgets.service.ts(151,41): error TS6133: 'optimizeDto' is declared but its value is never read.
backend/src/modules/budgets/budgets.service.ts(160,28): error TS6133: 'userId' is declared but its value is never read.
backend/src/modules/budgets/budgets.service.ts(160,44): error TS6133: 'createSharedDto' is declared but its value is never read.
backend/src/modules/budgets/budgets.service.ts(165,25): error TS6133: 'userId' is declared but its value is never read.
backend/src/modules/budgets/budgets.service.ts(180,5): error TS2375: Type '{ id: any; userId: any; category: any; amount: any; spent: number; remaining: any; percentUsed: number; startDate: Date; endDate: Date; rollover: false; alertThreshold: undefined; isOverBudget: boolean; createdAt: any; updatedAt: any; }' is not assignable to type 'BudgetResponseDto' with 'exactOptionalPropertyTypes: true'. Consider adding 'undefined' to the types of the target's properties.
  Types of property 'alertThreshold' are incompatible.
    Type 'undefined' is not assignable to type 'number'.
backend/src/modules/budgets/dto/budget-response.dto.ts(5,3): error TS2564: Property 'id' has no initializer and is not definitely assigned in the constructor.
backend/src/modules/budgets/dto/budget-response.dto.ts(8,3): error TS2564: Property 'userId' has no initializer and is not definitely assigned in the constructor.
backend/src/modules/budgets/dto/budget-response.dto.ts(11,3): error TS2564: Property 'category' has no initializer and is not definitely assigned in the constructor.
backend/src/modules/budgets/dto/budget-response.dto.ts(14,3): error TS2564: Property 'amount' has no initializer and is not definitely assigned in the constructor.
backend/src/modules/budgets/dto/budget-response.dto.ts(17,3): error TS2564: Property 'spent' has no initializer and is not definitely assigned in the constructor.
backend/src/modules/budgets/dto/budget-response.dto.ts(20,3): error TS2564: Property 'remaining' has no initializer and is not definitely assigned in the constructor.
backend/src/modules/budgets/dto/budget-response.dto.ts(23,3): error TS2564: Property 'percentUsed' has no initializer and is not definitely assigned in the constructor.
backend/src/modules/budgets/dto/budget-response.dto.ts(26,3): error TS2564: Property 'startDate' has no initializer and is not definitely assigned in the constructor.
backend/src/modules/budgets/dto/budget-response.dto.ts(29,3): error TS2564: Property 'endDate' has no initializer and is not definitely assigned in the constructor.
backend/src/modules/budgets/dto/budget-response.dto.ts(32,3): error TS2564: Property 'rollover' has no initializer and is not definitely assigned in the constructor.
backend/src/modules/budgets/dto/budget-response.dto.ts(38,3): error TS2564: Property 'isOverBudget' has no initializer and is not definitely assigned in the constructor.
backend/src/modules/budgets/dto/budget-response.dto.ts(41,3): error TS2564: Property 'createdAt' has no initializer and is not definitely assigned in the constructor.
backend/src/modules/budgets/dto/budget-response.dto.ts(44,3): error TS2564: Property 'updatedAt' has no initializer and is not definitely assigned in the constructor.
backend/src/modules/budgets/dto/budget-response.dto.ts(49,3): error TS2564: Property 'category' has no initializer and is not definitely assigned in the constructor.
backend/src/modules/budgets/dto/budget-response.dto.ts(52,3): error TS2564: Property 'budgeted' has no initializer and is not definitely assigned in the constructor.
backend/src/modules/budgets/dto/budget-response.dto.ts(55,3): error TS2564: Property 'spent' has no initializer and is not definitely assigned in the constructor.
backend/src/modules/budgets/dto/budget-response.dto.ts(58,3): error TS2564: Property 'remaining' has no initializer and is not definitely assigned in the constructor.
backend/src/modules/budgets/dto/budget-response.dto.ts(61,3): error TS2564: Property 'percentUsed' has no initializer and is not definitely assigned in the constructor.
backend/src/modules/budgets/dto/budget-response.dto.ts(64,3): error TS2564: Property 'isOverBudget' has no initializer and is not definitely assigned in the constructor.
backend/src/modules/budgets/dto/budget-response.dto.ts(69,3): error TS2564: Property 'totalBudgeted' has no initializer and is not definitely assigned in the constructor.
backend/src/modules/budgets/dto/budget-response.dto.ts(72,3): error TS2564: Property 'totalSpent' has no initializer and is not definitely assigned in the constructor.
backend/src/modules/budgets/dto/budget-response.dto.ts(75,3): error TS2564: Property 'totalRemaining' has no initializer and is not definitely assigned in the constructor.
backend/src/modules/budgets/dto/budget-response.dto.ts(78,3): error TS2564: Property 'overallPercentUsed' has no initializer and is not definitely assigned in the constructor.
backend/src/modules/budgets/dto/budget-response.dto.ts(81,3): error TS2564: Property 'categoryBreakdown' has no initializer and is not definitely assigned in the constructor.
backend/src/modules/budgets/dto/budget-response.dto.ts(84,3): error TS2564: Property 'period' has no initializer and is not definitely assigned in the constructor.
backend/src/modules/budgets/dto/create-budget.dto.ts(8,3): error TS2564: Property 'category' has no initializer and is not definitely assigned in the constructor.
backend/src/modules/budgets/dto/create-budget.dto.ts(13,3): error TS2564: Property 'amount' has no initializer and is not definitely assigned in the constructor.
backend/src/modules/budgets/dto/create-budget.dto.ts(18,3): error TS2564: Property 'startDate' has no initializer and is not definitely assigned in the constructor.
backend/src/modules/budgets/dto/create-budget.dto.ts(23,3): error TS2564: Property 'endDate' has no initializer and is not definitely assigned in the constructor.
backend/src/modules/budgets/dto/optimize-budget.dto.ts(8,3): error TS2564: Property 'totalIncome' has no initializer and is not definitely assigned in the constructor.
backend/src/modules/budgets/dto/shared-budget.dto.ts(9,3): error TS2564: Property 'sharedWith' has no initializer and is not definitely assigned in the constructor.
backend/src/modules/budgets/dto/shared-budget.dto.ts(13,3): error TS2564: Property 'name' has no initializer and is not definitely assigned in the constructor.
backend/src/modules/budgets/repositories/budget.repository.ts(114,21): error TS6133: 'id' is declared but its value is never read.
backend/src/modules/budgets/repositories/budget.repository.ts(114,33): error TS6133: 'spent' is declared but its value is never read.
backend/src/modules/budgets/repositories/budget.repository.ts(119,32): error TS6133: 'userId' is declared but its value is never read.
backend/src/modules/budgets/repositories/budget.repository.ts(124,24): error TS6133: 'id' is declared but its value is never read.
backend/src/modules/budgets/repositories/budget.repository.ts(124,36): error TS6133: 'amount' is declared but its value is never read.
backend/src/modules/goals/dto/contribute-goal.dto.ts(8,3): error TS2564: Property 'amount' has no initializer and is not definitely assigned in the constructor.
backend/src/modules/goals/dto/create-goal.dto.ts(8,3): error TS2564: Property 'name' has no initializer and is not definitely assigned in the constructor.
backend/src/modules/goals/dto/create-goal.dto.ts(18,3): error TS2564: Property 'targetAmount' has no initializer and is not definitely assigned in the constructor.
backend/src/modules/goals/goals.controller.spec.ts(66,40): error TS2345: Argument of type '{ id: string; userId: string; name: string; description: string; targetAmount: number; currentAmount: number; progress: number; remaining: number; targetDate: Date; category: string; priority: string; isCompleted: boolean; projectedCompletion: Date; createdAt: Date; updatedAt: Date; }' is not assignable to parameter of type '{ id: string; name: string; createdAt: Date; updatedAt: Date; description: string | null; category: string; userId: string; targetAmount: Decimal; currentAmount: Decimal; ... 4 more ...; completedAt: Date | null; } | Promise<...>'.
  Type '{ id: string; userId: string; name: string; description: string; targetAmount: number; currentAmount: number; progress: number; remaining: number; targetDate: Date; category: string; priority: string; isCompleted: boolean; projectedCompletion: Date; createdAt: Date; updatedAt: Date; }' is missing the following properties from type '{ id: string; name: string; createdAt: Date; updatedAt: Date; description: string | null; category: string; userId: string; targetAmount: Decimal; currentAmount: Decimal; ... 4 more ...; completedAt: Date | null; }': status, reminderEnabled, completedAt
backend/src/modules/goals/goals.service.spec.ts(65,43): error TS2345: Argument of type '{ id: string; userId: string; name: string; description: string; targetAmount: Decimal; currentAmount: Decimal; targetDate: Date; category: string; priority: string; createdAt: Date; updatedAt: Date; }' is not assignable to parameter of type '{ id: string; name: string; createdAt: Date; updatedAt: Date; description: string | null; category: string; userId: string; targetAmount: Decimal; currentAmount: Decimal; ... 4 more ...; completedAt: Date | null; } | Promise<...>'.
  Type '{ id: string; userId: string; name: string; description: string; targetAmount: Decimal; currentAmount: Decimal; targetDate: Date; category: string; priority: string; createdAt: Date; updatedAt: Date; }' is missing the following properties from type '{ id: string; name: string; createdAt: Date; updatedAt: Date; description: string | null; category: string; userId: string; targetAmount: Decimal; currentAmount: Decimal; ... 4 more ...; completedAt: Date | null; }': status, reminderEnabled, completedAt
backend/src/modules/goals/goals.service.spec.ts(94,43): error TS2345: Argument of type '{ currentAmount: Decimal; targetAmount: Decimal; id: string; userId: string; name: string; description: string; targetDate: Date; category: string; priority: string; createdAt: Date; updatedAt: Date; }' is not assignable to parameter of type '{ id: string; name: string; createdAt: Date; updatedAt: Date; description: string | null; category: string; userId: string; targetAmount: Decimal; currentAmount: Decimal; ... 4 more ...; completedAt: Date | null; } | Promise<...>'.
  Type '{ currentAmount: Decimal; targetAmount: Decimal; id: string; userId: string; name: string; description: string; targetDate: Date; category: string; priority: string; createdAt: Date; updatedAt: Date; }' is missing the following properties from type '{ id: string; name: string; createdAt: Date; updatedAt: Date; description: string | null; category: string; userId: string; targetAmount: Decimal; currentAmount: Decimal; ... 4 more ...; completedAt: Date | null; }': status, reminderEnabled, completedAt
backend/src/modules/goals/goals.service.spec.ts(110,44): error TS2345: Argument of type '{ id: string; userId: string; name: string; description: string; targetAmount: Decimal; currentAmount: Decimal; targetDate: Date; category: string; priority: string; createdAt: Date; updatedAt: Date; }[]' is not assignable to parameter of type '{ id: string; name: string; createdAt: Date; updatedAt: Date; description: string | null; category: string; userId: string; targetAmount: Decimal; currentAmount: Decimal; ... 4 more ...; completedAt: Date | null; }[] | Promise<...>'.
  Type '{ id: string; userId: string; name: string; description: string; targetAmount: Decimal; currentAmount: Decimal; targetDate: Date; category: string; priority: string; createdAt: Date; updatedAt: Date; }[]' is not assignable to type '{ id: string; name: string; createdAt: Date; updatedAt: Date; description: string | null; category: string; userId: string; targetAmount: Decimal; currentAmount: Decimal; ... 4 more ...; completedAt: Date | null; }[]'.
    Type '{ id: string; userId: string; name: string; description: string; targetAmount: Decimal; currentAmount: Decimal; targetDate: Date; category: string; priority: string; createdAt: Date; updatedAt: Date; }' is missing the following properties from type '{ id: string; name: string; createdAt: Date; updatedAt: Date; description: string | null; category: string; userId: string; targetAmount: Decimal; currentAmount: Decimal; ... 4 more ...; completedAt: Date | null; }': status, reminderEnabled, completedAt
backend/src/modules/goals/goals.service.spec.ts(141,45): error TS2739: Type '{ currentAmount: Decimal; id: string; userId: string; name: string; description: string; targetAmount: Decimal; targetDate: Date; category: string; priority: string; createdAt: Date; updatedAt: Date; }' is missing the following properties from type '{ id: string; name: string; createdAt: Date; updatedAt: Date; description: string | null; category: string; userId: string; targetAmount: Decimal; currentAmount: Decimal; ... 4 more ...; completedAt: Date | null; }': status, reminderEnabled, completedAt
backend/src/modules/goals/goals.service.spec.ts(153,45): error TS2345: Argument of type '{ id: string; userId: string; name: string; description: string; targetAmount: Decimal; currentAmount: Decimal; targetDate: Date; category: string; priority: string; createdAt: Date; updatedAt: Date; }' is not assignable to parameter of type '{ id: string; name: string; createdAt: Date; updatedAt: Date; description: string | null; category: string; userId: string; targetAmount: Decimal; currentAmount: Decimal; ... 4 more ...; completedAt: Date | null; } | Promise<...> | null'.
  Type '{ id: string; userId: string; name: string; description: string; targetAmount: Decimal; currentAmount: Decimal; targetDate: Date; category: string; priority: string; createdAt: Date; updatedAt: Date; }' is missing the following properties from type '{ id: string; name: string; createdAt: Date; updatedAt: Date; description: string | null; category: string; userId: string; targetAmount: Decimal; currentAmount: Decimal; ... 4 more ...; completedAt: Date | null; }': status, reminderEnabled, completedAt
backend/src/modules/goals/goals.service.spec.ts(188,45): error TS2345: Argument of type '{ id: string; userId: string; name: string; description: string; targetAmount: Decimal; currentAmount: Decimal; targetDate: Date; category: string; priority: string; createdAt: Date; updatedAt: Date; }' is not assignable to parameter of type '{ id: string; name: string; createdAt: Date; updatedAt: Date; description: string | null; category: string; userId: string; targetAmount: Decimal; currentAmount: Decimal; ... 4 more ...; completedAt: Date | null; } | Promise<...> | null'.
  Type '{ id: string; userId: string; name: string; description: string; targetAmount: Decimal; currentAmount: Decimal; targetDate: Date; category: string; priority: string; createdAt: Date; updatedAt: Date; }' is missing the following properties from type '{ id: string; name: string; createdAt: Date; updatedAt: Date; description: string | null; category: string; userId: string; targetAmount: Decimal; currentAmount: Decimal; ... 4 more ...; completedAt: Date | null; }': status, reminderEnabled, completedAt
backend/src/modules/goals/goals.service.spec.ts(189,43): error TS2345: Argument of type '{ name: string; targetAmount: Decimal; id: string; userId: string; description: string; currentAmount: Decimal; targetDate: Date; category: string; priority: string; createdAt: Date; updatedAt: Date; }' is not assignable to parameter of type '{ id: string; name: string; createdAt: Date; updatedAt: Date; description: string | null; category: string; userId: string; targetAmount: Decimal; currentAmount: Decimal; ... 4 more ...; completedAt: Date | null; } | Promise<...>'.
  Type '{ name: string; targetAmount: Decimal; id: string; userId: string; description: string; currentAmount: Decimal; targetDate: Date; category: string; priority: string; createdAt: Date; updatedAt: Date; }' is missing the following properties from type '{ id: string; name: string; createdAt: Date; updatedAt: Date; description: string | null; category: string; userId: string; targetAmount: Decimal; currentAmount: Decimal; ... 4 more ...; completedAt: Date | null; }': status, reminderEnabled, completedAt
backend/src/modules/goals/goals.service.spec.ts(215,45): error TS2345: Argument of type '{ id: string; userId: string; name: string; description: string; targetAmount: Decimal; currentAmount: Decimal; targetDate: Date; category: string; priority: string; createdAt: Date; updatedAt: Date; }' is not assignable to parameter of type '{ id: string; name: string; createdAt: Date; updatedAt: Date; description: string | null; category: string; userId: string; targetAmount: Decimal; currentAmount: Decimal; ... 4 more ...; completedAt: Date | null; } | Promise<...> | null'.
  Type '{ id: string; userId: string; name: string; description: string; targetAmount: Decimal; currentAmount: Decimal; targetDate: Date; category: string; priority: string; createdAt: Date; updatedAt: Date; }' is missing the following properties from type '{ id: string; name: string; createdAt: Date; updatedAt: Date; description: string | null; category: string; userId: string; targetAmount: Decimal; currentAmount: Decimal; ... 4 more ...; completedAt: Date | null; }': status, reminderEnabled, completedAt
backend/src/modules/goals/goals.service.spec.ts(216,43): error TS2345: Argument of type '{ currentAmount: Decimal; id: string; userId: string; name: string; description: string; targetAmount: Decimal; targetDate: Date; category: string; priority: string; createdAt: Date; updatedAt: Date; }' is not assignable to parameter of type '{ id: string; name: string; createdAt: Date; updatedAt: Date; description: string | null; category: string; userId: string; targetAmount: Decimal; currentAmount: Decimal; ... 4 more ...; completedAt: Date | null; } | Promise<...>'.
  Type '{ currentAmount: Decimal; id: string; userId: string; name: string; description: string; targetAmount: Decimal; targetDate: Date; category: string; priority: string; createdAt: Date; updatedAt: Date; }' is missing the following properties from type '{ id: string; name: string; createdAt: Date; updatedAt: Date; description: string | null; category: string; userId: string; targetAmount: Decimal; currentAmount: Decimal; ... 4 more ...; completedAt: Date | null; }': status, reminderEnabled, completedAt
backend/src/modules/goals/goals.service.spec.ts(242,45): error TS2345: Argument of type '{ id: string; userId: string; name: string; description: string; targetAmount: Decimal; currentAmount: Decimal; targetDate: Date; category: string; priority: string; createdAt: Date; updatedAt: Date; }' is not assignable to parameter of type '{ id: string; name: string; createdAt: Date; updatedAt: Date; description: string | null; category: string; userId: string; targetAmount: Decimal; currentAmount: Decimal; ... 4 more ...; completedAt: Date | null; } | Promise<...> | null'.
  Type '{ id: string; userId: string; name: string; description: string; targetAmount: Decimal; currentAmount: Decimal; targetDate: Date; category: string; priority: string; createdAt: Date; updatedAt: Date; }' is missing the following properties from type '{ id: string; name: string; createdAt: Date; updatedAt: Date; description: string | null; category: string; userId: string; targetAmount: Decimal; currentAmount: Decimal; ... 4 more ...; completedAt: Date | null; }': status, reminderEnabled, completedAt
backend/src/modules/goals/goals.service.spec.ts(243,43): error TS2345: Argument of type 'undefined' is not assignable to parameter of type '{ id: string; name: string; createdAt: Date; updatedAt: Date; description: string | null; category: string; userId: string; targetAmount: Decimal; currentAmount: Decimal; ... 4 more ...; completedAt: Date | null; } | Promise<...>'.
backend/src/modules/goals/goals.service.spec.ts(269,45): error TS2345: Argument of type '{ id: string; userId: string; name: string; description: string; targetAmount: Decimal; currentAmount: Decimal; targetDate: Date; category: string; priority: string; createdAt: Date; updatedAt: Date; }' is not assignable to parameter of type '{ id: string; name: string; createdAt: Date; updatedAt: Date; description: string | null; category: string; userId: string; targetAmount: Decimal; currentAmount: Decimal; ... 4 more ...; completedAt: Date | null; } | Promise<...> | null'.
  Type '{ id: string; userId: string; name: string; description: string; targetAmount: Decimal; currentAmount: Decimal; targetDate: Date; category: string; priority: string; createdAt: Date; updatedAt: Date; }' is missing the following properties from type '{ id: string; name: string; createdAt: Date; updatedAt: Date; description: string | null; category: string; userId: string; targetAmount: Decimal; currentAmount: Decimal; ... 4 more ...; completedAt: Date | null; }': status, reminderEnabled, completedAt
backend/src/modules/goals/goals.service.spec.ts(270,43): error TS2345: Argument of type '{ currentAmount: Decimal; id: string; userId: string; name: string; description: string; targetAmount: Decimal; targetDate: Date; category: string; priority: string; createdAt: Date; updatedAt: Date; }' is not assignable to parameter of type '{ id: string; name: string; createdAt: Date; updatedAt: Date; description: string | null; category: string; userId: string; targetAmount: Decimal; currentAmount: Decimal; ... 4 more ...; completedAt: Date | null; } | Promise<...>'.
  Type '{ currentAmount: Decimal; id: string; userId: string; name: string; description: string; targetAmount: Decimal; targetDate: Date; category: string; priority: string; createdAt: Date; updatedAt: Date; }' is missing the following properties from type '{ id: string; name: string; createdAt: Date; updatedAt: Date; description: string | null; category: string; userId: string; targetAmount: Decimal; currentAmount: Decimal; ... 4 more ...; completedAt: Date | null; }': status, reminderEnabled, completedAt
backend/src/modules/goals/goals.service.spec.ts(292,45): error TS2345: Argument of type '{ id: string; userId: string; name: string; description: string; targetAmount: Decimal; currentAmount: Decimal; targetDate: Date; category: string; priority: string; createdAt: Date; updatedAt: Date; }' is not assignable to parameter of type '{ id: string; name: string; createdAt: Date; updatedAt: Date; description: string | null; category: string; userId: string; targetAmount: Decimal; currentAmount: Decimal; ... 4 more ...; completedAt: Date | null; } | Promise<...> | null'.
  Type '{ id: string; userId: string; name: string; description: string; targetAmount: Decimal; currentAmount: Decimal; targetDate: Date; category: string; priority: string; createdAt: Date; updatedAt: Date; }' is missing the following properties from type '{ id: string; name: string; createdAt: Date; updatedAt: Date; description: string | null; category: string; userId: string; targetAmount: Decimal; currentAmount: Decimal; ... 4 more ...; completedAt: Date | null; }': status, reminderEnabled, completedAt
backend/src/modules/goals/goals.service.spec.ts(293,43): error TS2345: Argument of type '{ currentAmount: Decimal; id: string; userId: string; name: string; description: string; targetAmount: Decimal; targetDate: Date; category: string; priority: string; createdAt: Date; updatedAt: Date; }' is not assignable to parameter of type '{ id: string; name: string; createdAt: Date; updatedAt: Date; description: string | null; category: string; userId: string; targetAmount: Decimal; currentAmount: Decimal; ... 4 more ...; completedAt: Date | null; } | Promise<...>'.
  Type '{ currentAmount: Decimal; id: string; userId: string; name: string; description: string; targetAmount: Decimal; targetDate: Date; category: string; priority: string; createdAt: Date; updatedAt: Date; }' is missing the following properties from type '{ id: string; name: string; createdAt: Date; updatedAt: Date; description: string | null; category: string; userId: string; targetAmount: Decimal; currentAmount: Decimal; ... 4 more ...; completedAt: Date | null; }': status, reminderEnabled, completedAt
backend/src/modules/goals/goals.service.spec.ts(314,45): error TS2345: Argument of type '{ id: string; userId: string; name: string; description: string; targetAmount: Decimal; currentAmount: Decimal; targetDate: Date; category: string; priority: string; createdAt: Date; updatedAt: Date; }' is not assignable to parameter of type '{ id: string; name: string; createdAt: Date; updatedAt: Date; description: string | null; category: string; userId: string; targetAmount: Decimal; currentAmount: Decimal; ... 4 more ...; completedAt: Date | null; } | Promise<...> | null'.
  Type '{ id: string; userId: string; name: string; description: string; targetAmount: Decimal; currentAmount: Decimal; targetDate: Date; category: string; priority: string; createdAt: Date; updatedAt: Date; }' is missing the following properties from type '{ id: string; name: string; createdAt: Date; updatedAt: Date; description: string | null; category: string; userId: string; targetAmount: Decimal; currentAmount: Decimal; ... 4 more ...; completedAt: Date | null; }': status, reminderEnabled, completedAt
backend/src/modules/goals/goals.service.spec.ts(327,45): error TS2345: Argument of type '{ targetAmount: Decimal; id: string; userId: string; name: string; description: string; currentAmount: Decimal; targetDate: Date; category: string; priority: string; createdAt: Date; updatedAt: Date; }' is not assignable to parameter of type '{ id: string; name: string; createdAt: Date; updatedAt: Date; description: string | null; category: string; userId: string; targetAmount: Decimal; currentAmount: Decimal; ... 4 more ...; completedAt: Date | null; } | Promise<...> | null'.
  Type '{ targetAmount: Decimal; id: string; userId: string; name: string; description: string; currentAmount: Decimal; targetDate: Date; category: string; priority: string; createdAt: Date; updatedAt: Date; }' is missing the following properties from type '{ id: string; name: string; createdAt: Date; updatedAt: Date; description: string | null; category: string; userId: string; targetAmount: Decimal; currentAmount: Decimal; ... 4 more ...; completedAt: Date | null; }': status, reminderEnabled, completedAt
backend/src/modules/goals/goals.service.spec.ts(335,45): error TS2345: Argument of type '{ id: string; userId: string; name: string; description: string; targetAmount: Decimal; currentAmount: Decimal; targetDate: Date; category: string; priority: string; createdAt: Date; updatedAt: Date; }' is not assignable to parameter of type '{ id: string; name: string; createdAt: Date; updatedAt: Date; description: string | null; category: string; userId: string; targetAmount: Decimal; currentAmount: Decimal; ... 4 more ...; completedAt: Date | null; } | Promise<...> | null'.
  Type '{ id: string; userId: string; name: string; description: string; targetAmount: Decimal; currentAmount: Decimal; targetDate: Date; category: string; priority: string; createdAt: Date; updatedAt: Date; }' is missing the following properties from type '{ id: string; name: string; createdAt: Date; updatedAt: Date; description: string | null; category: string; userId: string; targetAmount: Decimal; currentAmount: Decimal; ... 4 more ...; completedAt: Date | null; }': status, reminderEnabled, completedAt
backend/src/modules/goals/goals.service.spec.ts(348,45): error TS2345: Argument of type '{ currentAmount: Decimal; id: string; userId: string; name: string; description: string; targetAmount: Decimal; targetDate: Date; category: string; priority: string; createdAt: Date; updatedAt: Date; }' is not assignable to parameter of type '{ id: string; name: string; createdAt: Date; updatedAt: Date; description: string | null; category: string; userId: string; targetAmount: Decimal; currentAmount: Decimal; ... 4 more ...; completedAt: Date | null; } | Promise<...> | null'.
  Type '{ currentAmount: Decimal; id: string; userId: string; name: string; description: string; targetAmount: Decimal; targetDate: Date; category: string; priority: string; createdAt: Date; updatedAt: Date; }' is missing the following properties from type '{ id: string; name: string; createdAt: Date; updatedAt: Date; description: string | null; category: string; userId: string; targetAmount: Decimal; currentAmount: Decimal; ... 4 more ...; completedAt: Date | null; }': status, reminderEnabled, completedAt
backend/src/modules/goals/goals.service.spec.ts(362,45): error TS2345: Argument of type '{ createdAt: Date; currentAmount: Decimal; id: string; userId: string; name: string; description: string; targetAmount: Decimal; targetDate: Date; category: string; priority: string; updatedAt: Date; }' is not assignable to parameter of type '{ id: string; name: string; createdAt: Date; updatedAt: Date; description: string | null; category: string; userId: string; targetAmount: Decimal; currentAmount: Decimal; ... 4 more ...; completedAt: Date | null; } | Promise<...> | null'.
  Type '{ createdAt: Date; currentAmount: Decimal; id: string; userId: string; name: string; description: string; targetAmount: Decimal; targetDate: Date; category: string; priority: string; updatedAt: Date; }' is missing the following properties from type '{ id: string; name: string; createdAt: Date; updatedAt: Date; description: string | null; category: string; userId: string; targetAmount: Decimal; currentAmount: Decimal; ... 4 more ...; completedAt: Date | null; }': status, reminderEnabled, completedAt
backend/src/modules/goals/goals.service.ts(88,13): error TS6133: 'dailyRequired' is declared but its value is never read.
backend/src/modules/notifications/dto/notification-query.dto.ts(2,33): error TS6133: 'IsString' is declared but its value is never read.
backend/src/modules/notifications/notifications.controller.ts(4,3): error TS6133: 'Post' is declared but its value is never read.
backend/src/modules/notifications/notifications.controller.ts(7,3): error TS6133: 'Body' is declared but its value is never read.
backend/src/modules/notifications/notifications.service.spec.ts(73,43): error TS2345: Argument of type '{ id: string; userId: string; title: string; message: string; type: string; link: string; read: boolean; createdAt: Date; updatedAt: Date; }' is not assignable to parameter of type '{ id: string; createdAt: Date; type: NotificationType; userId: string; title: string; metadata: JsonValue; message: string; status: NotificationStatus; ... 4 more ...; archivedAt: Date | null; } | Promise<...>'.
  Type '{ id: string; userId: string; title: string; message: string; type: string; link: string; read: boolean; createdAt: Date; updatedAt: Date; }' is missing the following properties from type '{ id: string; createdAt: Date; type: NotificationType; userId: string; title: string; metadata: JsonValue; message: string; status: NotificationStatus; ... 4 more ...; archivedAt: Date | null; }': metadata, status, priority, actionUrl, and 3 more.
backend/src/modules/notifications/notifications.service.spec.ts(99,43): error TS2345: Argument of type '{ id: string; userId: string; title: string; message: string; type: string; link: string; read: boolean; createdAt: Date; updatedAt: Date; }' is not assignable to parameter of type '{ id: string; createdAt: Date; type: NotificationType; userId: string; title: string; metadata: JsonValue; message: string; status: NotificationStatus; ... 4 more ...; archivedAt: Date | null; } | Promise<...>'.
  Type '{ id: string; userId: string; title: string; message: string; type: string; link: string; read: boolean; createdAt: Date; updatedAt: Date; }' is missing the following properties from type '{ id: string; createdAt: Date; type: NotificationType; userId: string; title: string; metadata: JsonValue; message: string; status: NotificationStatus; ... 4 more ...; archivedAt: Date | null; }': metadata, status, priority, actionUrl, and 3 more.
backend/src/modules/notifications/notifications.service.spec.ts(119,44): error TS2345: Argument of type '{ id: string; userId: string; title: string; message: string; type: string; link: string; read: boolean; createdAt: Date; updatedAt: Date; }[]' is not assignable to parameter of type '{ id: string; createdAt: Date; type: NotificationType; userId: string; title: string; metadata: JsonValue; message: string; status: NotificationStatus; ... 4 more ...; archivedAt: Date | null; }[] | Promise<...>'.
  Type '{ id: string; userId: string; title: string; message: string; type: string; link: string; read: boolean; createdAt: Date; updatedAt: Date; }[]' is not assignable to type '{ id: string; createdAt: Date; type: NotificationType; userId: string; title: string; metadata: JsonValue; message: string; status: NotificationStatus; ... 4 more ...; archivedAt: Date | null; }[]'.
    Type '{ id: string; userId: string; title: string; message: string; type: string; link: string; read: boolean; createdAt: Date; updatedAt: Date; }' is missing the following properties from type '{ id: string; createdAt: Date; type: NotificationType; userId: string; title: string; metadata: JsonValue; message: string; status: NotificationStatus; ... 4 more ...; archivedAt: Date | null; }': metadata, status, priority, actionUrl, and 3 more.
backend/src/modules/notifications/notifications.service.spec.ts(151,45): error TS2345: Argument of type '{ id: string; userId: string; title: string; message: string; type: string; link: string; read: boolean; createdAt: Date; updatedAt: Date; }' is not assignable to parameter of type '{ id: string; createdAt: Date; type: NotificationType; userId: string; title: string; metadata: JsonValue; message: string; status: NotificationStatus; ... 4 more ...; archivedAt: Date | null; } | Promise<...> | null'.
  Type '{ id: string; userId: string; title: string; message: string; type: string; link: string; read: boolean; createdAt: Date; updatedAt: Date; }' is missing the following properties from type '{ id: string; createdAt: Date; type: NotificationType; userId: string; title: string; metadata: JsonValue; message: string; status: NotificationStatus; ... 4 more ...; archivedAt: Date | null; }': metadata, status, priority, actionUrl, and 3 more.
backend/src/modules/notifications/notifications.service.spec.ts(152,43): error TS2345: Argument of type '{ read: boolean; id: string; userId: string; title: string; message: string; type: string; link: string; createdAt: Date; updatedAt: Date; }' is not assignable to parameter of type '{ id: string; createdAt: Date; type: NotificationType; userId: string; title: string; metadata: JsonValue; message: string; status: NotificationStatus; ... 4 more ...; archivedAt: Date | null; } | Promise<...>'.
  Type '{ read: boolean; id: string; userId: string; title: string; message: string; type: string; link: string; createdAt: Date; updatedAt: Date; }' is missing the following properties from type '{ id: string; createdAt: Date; type: NotificationType; userId: string; title: string; metadata: JsonValue; message: string; status: NotificationStatus; ... 4 more ...; archivedAt: Date | null; }': metadata, status, priority, actionUrl, and 3 more.
backend/src/modules/notifications/notifications.service.spec.ts(187,45): error TS2345: Argument of type '{ id: string; userId: string; title: string; message: string; type: string; link: string; read: boolean; createdAt: Date; updatedAt: Date; }' is not assignable to parameter of type '{ id: string; createdAt: Date; type: NotificationType; userId: string; title: string; metadata: JsonValue; message: string; status: NotificationStatus; ... 4 more ...; archivedAt: Date | null; } | Promise<...> | null'.
  Type '{ id: string; userId: string; title: string; message: string; type: string; link: string; read: boolean; createdAt: Date; updatedAt: Date; }' is missing the following properties from type '{ id: string; createdAt: Date; type: NotificationType; userId: string; title: string; metadata: JsonValue; message: string; status: NotificationStatus; ... 4 more ...; archivedAt: Date | null; }': metadata, status, priority, actionUrl, and 3 more.
backend/src/modules/notifications/notifications.service.spec.ts(188,43): error TS2345: Argument of type 'undefined' is not assignable to parameter of type '{ id: string; createdAt: Date; type: NotificationType; userId: string; title: string; metadata: JsonValue; message: string; status: NotificationStatus; ... 4 more ...; archivedAt: Date | null; } | Promise<...>'.
backend/src/modules/notifications/notifications.service.spec.ts(213,43): error TS2345: Argument of type '{ id: string; userId: string; title: string; message: string; type: string; link: string; read: boolean; createdAt: Date; updatedAt: Date; }' is not assignable to parameter of type '{ id: string; createdAt: Date; type: NotificationType; userId: string; title: string; metadata: JsonValue; message: string; status: NotificationStatus; ... 4 more ...; archivedAt: Date | null; } | Promise<...>'.
  Type '{ id: string; userId: string; title: string; message: string; type: string; link: string; read: boolean; createdAt: Date; updatedAt: Date; }' is missing the following properties from type '{ id: string; createdAt: Date; type: NotificationType; userId: string; title: string; metadata: JsonValue; message: string; status: NotificationStatus; ... 4 more ...; archivedAt: Date | null; }': metadata, status, priority, actionUrl, and 3 more.
backend/src/modules/notifications/notifications.service.spec.ts(242,43): error TS2345: Argument of type '{ id: string; userId: string; title: string; message: string; type: string; link: string; read: boolean; createdAt: Date; updatedAt: Date; }' is not assignable to parameter of type '{ id: string; createdAt: Date; type: NotificationType; userId: string; title: string; metadata: JsonValue; message: string; status: NotificationStatus; ... 4 more ...; archivedAt: Date | null; } | Promise<...>'.
  Type '{ id: string; userId: string; title: string; message: string; type: string; link: string; read: boolean; createdAt: Date; updatedAt: Date; }' is missing the following properties from type '{ id: string; createdAt: Date; type: NotificationType; userId: string; title: string; metadata: JsonValue; message: string; status: NotificationStatus; ... 4 more ...; archivedAt: Date | null; }': metadata, status, priority, actionUrl, and 3 more.
backend/src/modules/notifications/notifications.service.spec.ts(247,26): error TS2532: Object is possibly 'undefined'.
backend/src/modules/notifications/notifications.service.spec.ts(259,43): error TS2345: Argument of type '{ id: string; userId: string; title: string; message: string; type: string; link: string; read: boolean; createdAt: Date; updatedAt: Date; }' is not assignable to parameter of type '{ id: string; createdAt: Date; type: NotificationType; userId: string; title: string; metadata: JsonValue; message: string; status: NotificationStatus; ... 4 more ...; archivedAt: Date | null; } | Promise<...>'.
  Type '{ id: string; userId: string; title: string; message: string; type: string; link: string; read: boolean; createdAt: Date; updatedAt: Date; }' is missing the following properties from type '{ id: string; createdAt: Date; type: NotificationType; userId: string; title: string; metadata: JsonValue; message: string; status: NotificationStatus; ... 4 more ...; archivedAt: Date | null; }': metadata, status, priority, actionUrl, and 3 more.
backend/src/modules/notifications/notifications.service.spec.ts(288,43): error TS2345: Argument of type '{ id: string; userId: string; title: string; message: string; type: string; link: string; read: boolean; createdAt: Date; updatedAt: Date; }' is not assignable to parameter of type '{ id: string; createdAt: Date; type: NotificationType; userId: string; title: string; metadata: JsonValue; message: string; status: NotificationStatus; ... 4 more ...; archivedAt: Date | null; } | Promise<...>'.
  Type '{ id: string; userId: string; title: string; message: string; type: string; link: string; read: boolean; createdAt: Date; updatedAt: Date; }' is missing the following properties from type '{ id: string; createdAt: Date; type: NotificationType; userId: string; title: string; metadata: JsonValue; message: string; status: NotificationStatus; ... 4 more ...; archivedAt: Date | null; }': metadata, status, priority, actionUrl, and 3 more.
backend/src/modules/notifications/notifications.service.spec.ts(293,26): error TS2532: Object is possibly 'undefined'.
backend/src/modules/notifications/notifications.service.ts(27,67): error TS2379: Argument of type '{ userId: string; title: string; message: string; type: any; actionUrl: string | undefined; status: "UNREAD"; }' is not assignable to parameter of type 'NotificationUncheckedCreateInput' with 'exactOptionalPropertyTypes: true'. Consider adding 'undefined' to the types of the target's properties.
  Types of property 'actionUrl' are incompatible.
    Type 'string | undefined' is not assignable to type 'string | null'.
      Type 'undefined' is not assignable to type 'string | null'.
backend/src/modules/notifications/notifications.service.ts(38,61): error TS2379: Argument of type '{ title: string; message: string; link: string | undefined; }' is not assignable to parameter of type 'EmailNotificationData' with 'exactOptionalPropertyTypes: true'. Consider adding 'undefined' to the types of the target's properties.
  Types of property 'link' are incompatible.
    Type 'string | undefined' is not assignable to type 'string'.
      Type 'undefined' is not assignable to type 'string'.
backend/src/modules/notifications/services/email.service.ts(14,32): error TS6138: Property 'configService' is declared but its value is never read.
backend/src/modules/notifications/services/email.service.ts(40,44): error TS6133: 'budgetData' is declared but its value is never read.
backend/src/modules/notifications/services/email.service.ts(48,45): error TS6133: 'reportData' is declared but its value is never read.
backend/src/modules/recurring/dto/create-recurring.dto.ts(9,3): error TS2564: Property 'description' has no initializer and is not definitely assigned in the constructor.
backend/src/modules/recurring/dto/create-recurring.dto.ts(14,3): error TS2564: Property 'amount' has no initializer and is not definitely assigned in the constructor.
backend/src/modules/recurring/dto/create-recurring.dto.ts(18,3): error TS2564: Property 'frequency' has no initializer and is not definitely assigned in the constructor.
backend/src/modules/recurring/dto/create-recurring.dto.ts(22,3): error TS2564: Property 'category' has no initializer and is not definitely assigned in the constructor.
backend/src/modules/recurring/dto/create-recurring.dto.ts(27,3): error TS2564: Property 'startDate' has no initializer and is not definitely assigned in the constructor.
backend/src/modules/recurring/dto/create-recurring.dto.ts(37,3): error TS2564: Property 'type' has no initializer and is not definitely assigned in the constructor.
backend/src/modules/recurring/processors/recurring.processor.ts(34,67): error TS2379: Argument of type '{ description: string | undefined; amount: number; category: string; type: $Enums.TransactionType; date: Date; }' is not assignable to parameter of type 'CreateTransactionDto' with 'exactOptionalPropertyTypes: true'. Consider adding 'undefined' to the types of the target's properties.
  Types of property 'description' are incompatible.
    Type 'string | undefined' is not assignable to type 'string'.
      Type 'undefined' is not assignable to type 'string'.
backend/src/modules/recurring/processors/recurring.processor.ts(49,73): error TS18046: 'error' is of type 'unknown'.
backend/src/modules/recurring/processors/recurring.processor.ts(56,69): error TS18046: 'error' is of type 'unknown'.
backend/src/modules/recurring/recurring.service.spec.ts(66,43): error TS2345: Argument of type '{ id: string; userId: string; description: string; amount: Decimal; frequency: string; category: string; type: string; startDate: Date; endDate: null; nextDate: Date; isActive: boolean; createdAt: Date; updatedAt: Date; }' is not assignable to parameter of type '{ id: string; createdAt: Date; updatedAt: Date; description: string | null; type: TransactionType; amount: Decimal; category: string; notes: string | null; ... 6 more ...; lastGenerated: Date | null; } | Promise<...>'.
  Type '{ id: string; userId: string; description: string; amount: Decimal; frequency: string; category: string; type: string; startDate: Date; endDate: null; nextDate: Date; isActive: boolean; createdAt: Date; updatedAt: Date; }' is missing the following properties from type '{ id: string; createdAt: Date; updatedAt: Date; description: string | null; type: TransactionType; amount: Decimal; category: string; notes: string | null; ... 6 more ...; lastGenerated: Date | null; }': notes, lastGenerated
backend/src/modules/recurring/recurring.service.spec.ts(68,55): error TS2345: Argument of type '{ description: string; amount: number; frequency: string; category: string; type: string; startDate: Date; }' is not assignable to parameter of type 'CreateRecurringDto'.
  Types of property 'frequency' are incompatible.
    Type 'string' is not assignable to type 'RecurringFrequency'.
backend/src/modules/recurring/recurring.service.spec.ts(95,43): error TS2345: Argument of type '{ id: string; userId: string; description: string; amount: Decimal; frequency: string; category: string; type: string; startDate: Date; endDate: null; nextDate: Date; isActive: boolean; createdAt: Date; updatedAt: Date; }' is not assignable to parameter of type '{ id: string; createdAt: Date; updatedAt: Date; description: string | null; type: TransactionType; amount: Decimal; category: string; notes: string | null; ... 6 more ...; lastGenerated: Date | null; } | Promise<...>'.
  Type '{ id: string; userId: string; description: string; amount: Decimal; frequency: string; category: string; type: string; startDate: Date; endDate: null; nextDate: Date; isActive: boolean; createdAt: Date; updatedAt: Date; }' is missing the following properties from type '{ id: string; createdAt: Date; updatedAt: Date; description: string | null; type: TransactionType; amount: Decimal; category: string; notes: string | null; ... 6 more ...; lastGenerated: Date | null; }': notes, lastGenerated
backend/src/modules/recurring/recurring.service.spec.ts(97,40): error TS2345: Argument of type '{ description: string; amount: number; frequency: string; category: string; type: string; startDate: Date; }' is not assignable to parameter of type 'CreateRecurringDto'.
  Types of property 'frequency' are incompatible.
    Type 'string' is not assignable to type 'RecurringFrequency'.
backend/src/modules/recurring/recurring.service.spec.ts(99,26): error TS2532: Object is possibly 'undefined'.
backend/src/modules/recurring/recurring.service.spec.ts(115,43): error TS2345: Argument of type '{ id: string; userId: string; description: string; amount: Decimal; frequency: string; category: string; type: string; startDate: Date; endDate: null; nextDate: Date; isActive: boolean; createdAt: Date; updatedAt: Date; }' is not assignable to parameter of type '{ id: string; createdAt: Date; updatedAt: Date; description: string | null; type: TransactionType; amount: Decimal; category: string; notes: string | null; ... 6 more ...; lastGenerated: Date | null; } | Promise<...>'.
  Type '{ id: string; userId: string; description: string; amount: Decimal; frequency: string; category: string; type: string; startDate: Date; endDate: null; nextDate: Date; isActive: boolean; createdAt: Date; updatedAt: Date; }' is missing the following properties from type '{ id: string; createdAt: Date; updatedAt: Date; description: string | null; type: TransactionType; amount: Decimal; category: string; notes: string | null; ... 6 more ...; lastGenerated: Date | null; }': notes, lastGenerated
backend/src/modules/recurring/recurring.service.spec.ts(117,40): error TS2345: Argument of type '{ description: string; amount: number; frequency: string; category: string; type: string; startDate: Date; }' is not assignable to parameter of type 'CreateRecurringDto'.
  Types of property 'frequency' are incompatible.
    Type 'string' is not assignable to type 'RecurringFrequency'.
backend/src/modules/recurring/recurring.service.spec.ts(119,26): error TS2532: Object is possibly 'undefined'.
backend/src/modules/recurring/recurring.service.spec.ts(135,43): error TS2345: Argument of type '{ id: string; userId: string; description: string; amount: Decimal; frequency: string; category: string; type: string; startDate: Date; endDate: null; nextDate: Date; isActive: boolean; createdAt: Date; updatedAt: Date; }' is not assignable to parameter of type '{ id: string; createdAt: Date; updatedAt: Date; description: string | null; type: TransactionType; amount: Decimal; category: string; notes: string | null; ... 6 more ...; lastGenerated: Date | null; } | Promise<...>'.
  Type '{ id: string; userId: string; description: string; amount: Decimal; frequency: string; category: string; type: string; startDate: Date; endDate: null; nextDate: Date; isActive: boolean; createdAt: Date; updatedAt: Date; }' is missing the following properties from type '{ id: string; createdAt: Date; updatedAt: Date; description: string | null; type: TransactionType; amount: Decimal; category: string; notes: string | null; ... 6 more ...; lastGenerated: Date | null; }': notes, lastGenerated
backend/src/modules/recurring/recurring.service.spec.ts(137,40): error TS2345: Argument of type '{ description: string; amount: number; frequency: string; category: string; type: string; startDate: Date; }' is not assignable to parameter of type 'CreateRecurringDto'.
  Types of property 'frequency' are incompatible.
    Type 'string' is not assignable to type 'RecurringFrequency'.
backend/src/modules/recurring/recurring.service.spec.ts(139,26): error TS2532: Object is possibly 'undefined'.
backend/src/modules/recurring/recurring.service.spec.ts(149,44): error TS2345: Argument of type '{ id: string; userId: string; description: string; amount: Decimal; frequency: string; category: string; type: string; startDate: Date; endDate: null; nextDate: Date; isActive: boolean; createdAt: Date; updatedAt: Date; }[]' is not assignable to parameter of type '{ id: string; createdAt: Date; updatedAt: Date; description: string | null; type: TransactionType; amount: Decimal; category: string; notes: string | null; ... 6 more ...; lastGenerated: Date | null; }[] | Promise<...>'.
  Type '{ id: string; userId: string; description: string; amount: Decimal; frequency: string; category: string; type: string; startDate: Date; endDate: null; nextDate: Date; isActive: boolean; createdAt: Date; updatedAt: Date; }[]' is not assignable to type '{ id: string; createdAt: Date; updatedAt: Date; description: string | null; type: TransactionType; amount: Decimal; category: string; notes: string | null; ... 6 more ...; lastGenerated: Date | null; }[]'.
    Type '{ id: string; userId: string; description: string; amount: Decimal; frequency: string; category: string; type: string; startDate: Date; endDate: null; nextDate: Date; isActive: boolean; createdAt: Date; updatedAt: Date; }' is missing the following properties from type '{ id: string; createdAt: Date; updatedAt: Date; description: string | null; type: TransactionType; amount: Decimal; category: string; notes: string | null; ... 6 more ...; lastGenerated: Date | null; }': notes, lastGenerated
backend/src/modules/recurring/recurring.service.spec.ts(168,45): error TS2345: Argument of type '{ id: string; userId: string; description: string; amount: Decimal; frequency: string; category: string; type: string; startDate: Date; endDate: null; nextDate: Date; isActive: boolean; createdAt: Date; updatedAt: Date; }' is not assignable to parameter of type '{ id: string; createdAt: Date; updatedAt: Date; description: string | null; type: TransactionType; amount: Decimal; category: string; notes: string | null; ... 6 more ...; lastGenerated: Date | null; } | Promise<...> | null'.
  Type '{ id: string; userId: string; description: string; amount: Decimal; frequency: string; category: string; type: string; startDate: Date; endDate: null; nextDate: Date; isActive: boolean; createdAt: Date; updatedAt: Date; }' is missing the following properties from type '{ id: string; createdAt: Date; updatedAt: Date; description: string | null; type: TransactionType; amount: Decimal; category: string; notes: string | null; ... 6 more ...; lastGenerated: Date | null; }': notes, lastGenerated
backend/src/modules/recurring/recurring.service.spec.ts(201,45): error TS2345: Argument of type '{ id: string; userId: string; description: string; amount: Decimal; frequency: string; category: string; type: string; startDate: Date; endDate: null; nextDate: Date; isActive: boolean; createdAt: Date; updatedAt: Date; }' is not assignable to parameter of type '{ id: string; createdAt: Date; updatedAt: Date; description: string | null; type: TransactionType; amount: Decimal; category: string; notes: string | null; ... 6 more ...; lastGenerated: Date | null; } | Promise<...> | null'.
  Type '{ id: string; userId: string; description: string; amount: Decimal; frequency: string; category: string; type: string; startDate: Date; endDate: null; nextDate: Date; isActive: boolean; createdAt: Date; updatedAt: Date; }' is missing the following properties from type '{ id: string; createdAt: Date; updatedAt: Date; description: string | null; type: TransactionType; amount: Decimal; category: string; notes: string | null; ... 6 more ...; lastGenerated: Date | null; }': notes, lastGenerated
backend/src/modules/recurring/recurring.service.spec.ts(202,43): error TS2345: Argument of type '{ description: string; amount: Decimal; id: string; userId: string; frequency: string; category: string; type: string; startDate: Date; endDate: null; nextDate: Date; isActive: boolean; createdAt: Date; updatedAt: Date; }' is not assignable to parameter of type '{ id: string; createdAt: Date; updatedAt: Date; description: string | null; type: TransactionType; amount: Decimal; category: string; notes: string | null; ... 6 more ...; lastGenerated: Date | null; } | Promise<...>'.
  Type '{ description: string; amount: Decimal; id: string; userId: string; frequency: string; category: string; type: string; startDate: Date; endDate: null; nextDate: Date; isActive: boolean; createdAt: Date; updatedAt: Date; }' is missing the following properties from type '{ id: string; createdAt: Date; updatedAt: Date; description: string | null; type: TransactionType; amount: Decimal; category: string; notes: string | null; ... 6 more ...; lastGenerated: Date | null; }': notes, lastGenerated
backend/src/modules/recurring/recurring.service.spec.ts(229,45): error TS2345: Argument of type '{ id: string; userId: string; description: string; amount: Decimal; frequency: string; category: string; type: string; startDate: Date; endDate: null; nextDate: Date; isActive: boolean; createdAt: Date; updatedAt: Date; }' is not assignable to parameter of type '{ id: string; createdAt: Date; updatedAt: Date; description: string | null; type: TransactionType; amount: Decimal; category: string; notes: string | null; ... 6 more ...; lastGenerated: Date | null; } | Promise<...> | null'.
  Type '{ id: string; userId: string; description: string; amount: Decimal; frequency: string; category: string; type: string; startDate: Date; endDate: null; nextDate: Date; isActive: boolean; createdAt: Date; updatedAt: Date; }' is missing the following properties from type '{ id: string; createdAt: Date; updatedAt: Date; description: string | null; type: TransactionType; amount: Decimal; category: string; notes: string | null; ... 6 more ...; lastGenerated: Date | null; }': notes, lastGenerated
backend/src/modules/recurring/recurring.service.spec.ts(230,43): error TS2345: Argument of type 'undefined' is not assignable to parameter of type '{ id: string; createdAt: Date; updatedAt: Date; description: string | null; type: TransactionType; amount: Decimal; category: string; notes: string | null; ... 6 more ...; lastGenerated: Date | null; } | Promise<...>'.
backend/src/modules/recurring/recurring.service.spec.ts(255,45): error TS2345: Argument of type '{ id: string; userId: string; description: string; amount: Decimal; frequency: string; category: string; type: string; startDate: Date; endDate: null; nextDate: Date; isActive: boolean; createdAt: Date; updatedAt: Date; }' is not assignable to parameter of type '{ id: string; createdAt: Date; updatedAt: Date; description: string | null; type: TransactionType; amount: Decimal; category: string; notes: string | null; ... 6 more ...; lastGenerated: Date | null; } | Promise<...> | null'.
  Type '{ id: string; userId: string; description: string; amount: Decimal; frequency: string; category: string; type: string; startDate: Date; endDate: null; nextDate: Date; isActive: boolean; createdAt: Date; updatedAt: Date; }' is missing the following properties from type '{ id: string; createdAt: Date; updatedAt: Date; description: string | null; type: TransactionType; amount: Decimal; category: string; notes: string | null; ... 6 more ...; lastGenerated: Date | null; }': notes, lastGenerated
backend/src/modules/recurring/recurring.service.spec.ts(256,43): error TS2345: Argument of type '{ nextDate: Date; id: string; userId: string; description: string; amount: Decimal; frequency: string; category: string; type: string; startDate: Date; endDate: null; isActive: boolean; createdAt: Date; updatedAt: Date; }' is not assignable to parameter of type '{ id: string; createdAt: Date; updatedAt: Date; description: string | null; type: TransactionType; amount: Decimal; category: string; notes: string | null; ... 6 more ...; lastGenerated: Date | null; } | Promise<...>'.
  Type '{ nextDate: Date; id: string; userId: string; description: string; amount: Decimal; frequency: string; category: string; type: string; startDate: Date; endDate: null; isActive: boolean; createdAt: Date; updatedAt: Date; }' is missing the following properties from type '{ id: string; createdAt: Date; updatedAt: Date; description: string | null; type: TransactionType; amount: Decimal; category: string; notes: string | null; ... 6 more ...; lastGenerated: Date | null; }': notes, lastGenerated
backend/src/modules/recurring/recurring.service.spec.ts(291,43): error TS2345: Argument of type '{ id: string; userId: string; description: string; amount: Decimal; frequency: string; category: string; type: string; startDate: Date; endDate: null; nextDate: Date; isActive: boolean; createdAt: Date; updatedAt: Date; }' is not assignable to parameter of type '{ id: string; createdAt: Date; updatedAt: Date; description: string | null; type: TransactionType; amount: Decimal; category: string; notes: string | null; ... 6 more ...; lastGenerated: Date | null; } | Promise<...>'.
  Type '{ id: string; userId: string; description: string; amount: Decimal; frequency: string; category: string; type: string; startDate: Date; endDate: null; nextDate: Date; isActive: boolean; createdAt: Date; updatedAt: Date; }' is missing the following properties from type '{ id: string; createdAt: Date; updatedAt: Date; description: string | null; type: TransactionType; amount: Decimal; category: string; notes: string | null; ... 6 more ...; lastGenerated: Date | null; }': notes, lastGenerated
backend/src/modules/recurring/recurring.service.spec.ts(293,40): error TS2345: Argument of type '{ description: string; amount: number; frequency: string; category: string; type: string; startDate: Date; }' is not assignable to parameter of type 'CreateRecurringDto'.
  Types of property 'frequency' are incompatible.
    Type 'string' is not assignable to type 'RecurringFrequency'.
backend/src/modules/recurring/recurring.service.spec.ts(295,26): error TS2532: Object is possibly 'undefined'.
backend/src/modules/recurring/recurring.service.spec.ts(310,43): error TS2345: Argument of type '{ id: string; userId: string; description: string; amount: Decimal; frequency: string; category: string; type: string; startDate: Date; endDate: null; nextDate: Date; isActive: boolean; createdAt: Date; updatedAt: Date; }' is not assignable to parameter of type '{ id: string; createdAt: Date; updatedAt: Date; description: string | null; type: TransactionType; amount: Decimal; category: string; notes: string | null; ... 6 more ...; lastGenerated: Date | null; } | Promise<...>'.
  Type '{ id: string; userId: string; description: string; amount: Decimal; frequency: string; category: string; type: string; startDate: Date; endDate: null; nextDate: Date; isActive: boolean; createdAt: Date; updatedAt: Date; }' is missing the following properties from type '{ id: string; createdAt: Date; updatedAt: Date; description: string | null; type: TransactionType; amount: Decimal; category: string; notes: string | null; ... 6 more ...; lastGenerated: Date | null; }': notes, lastGenerated
backend/src/modules/recurring/recurring.service.spec.ts(312,40): error TS2345: Argument of type '{ description: string; amount: number; frequency: string; category: string; type: string; startDate: Date; }' is not assignable to parameter of type 'CreateRecurringDto'.
  Types of property 'frequency' are incompatible.
    Type 'string' is not assignable to type 'RecurringFrequency'.
backend/src/modules/recurring/recurring.service.spec.ts(314,26): error TS2532: Object is possibly 'undefined'.
backend/src/modules/recurring/recurring.service.spec.ts(329,43): error TS2345: Argument of type '{ id: string; userId: string; description: string; amount: Decimal; frequency: string; category: string; type: string; startDate: Date; endDate: null; nextDate: Date; isActive: boolean; createdAt: Date; updatedAt: Date; }' is not assignable to parameter of type '{ id: string; createdAt: Date; updatedAt: Date; description: string | null; type: TransactionType; amount: Decimal; category: string; notes: string | null; ... 6 more ...; lastGenerated: Date | null; } | Promise<...>'.
  Type '{ id: string; userId: string; description: string; amount: Decimal; frequency: string; category: string; type: string; startDate: Date; endDate: null; nextDate: Date; isActive: boolean; createdAt: Date; updatedAt: Date; }' is missing the following properties from type '{ id: string; createdAt: Date; updatedAt: Date; description: string | null; type: TransactionType; amount: Decimal; category: string; notes: string | null; ... 6 more ...; lastGenerated: Date | null; }': notes, lastGenerated
backend/src/modules/recurring/recurring.service.spec.ts(331,40): error TS2345: Argument of type '{ description: string; amount: number; frequency: string; category: string; type: string; startDate: Date; }' is not assignable to parameter of type 'CreateRecurringDto'.
  Types of property 'frequency' are incompatible.
    Type 'string' is not assignable to type 'RecurringFrequency'.
backend/src/modules/recurring/recurring.service.spec.ts(333,26): error TS2532: Object is possibly 'undefined'.
backend/src/modules/transactions/dto/index.ts(23,3): error TS2564: Property 'amount' has no initializer and is not definitely assigned in the constructor.
backend/src/modules/transactions/dto/index.ts(27,3): error TS2564: Property 'type' has no initializer and is not definitely assigned in the constructor.
backend/src/modules/transactions/dto/index.ts(32,3): error TS2564: Property 'category' has no initializer and is not definitely assigned in the constructor.
backend/src/modules/transactions/dto/index.ts(48,3): error TS2564: Property 'date' has no initializer and is not definitely assigned in the constructor.
backend/src/modules/transactions/transactions.repository.ts(28,46): error TS2345: Argument of type '{ where: TransactionWhereUniqueInput; }' is not assignable to parameter of type '{ select?: TransactionSelect<DefaultArgs> | null; omit?: TransactionOmit<DefaultArgs> | null; include?: TransactionInclude<DefaultArgs> | null; ... 5 more ...; distinct?: TransactionScalarFieldEnum | TransactionScalarFieldEnum[]; }'.
  Types of property 'where' are incompatible.
    Type 'TransactionWhereUniqueInput' is not assignable to type 'TransactionWhereInput' with 'exactOptionalPropertyTypes: true'. Consider adding 'undefined' to the types of the target's properties.
      Type '{ id: string | undefined; } & { id?: string; AND?: TransactionWhereInput | TransactionWhereInput[]; OR?: TransactionWhereInput[]; ... 11 more ...; user?: (Without<...> & UserWhereInput) | (Without<...> & UserScalarRelationFilter); }' is not assignable to type 'TransactionWhereInput' with 'exactOptionalPropertyTypes: true'. Consider adding 'undefined' to the types of the target's properties.
        Types of property 'id' are incompatible.
          Type 'string | undefined' is not assignable to type 'string | StringFilter<"Transaction">'.
            Type 'undefined' is not assignable to type 'string | StringFilter<"Transaction">'.
backend/src/modules/transactions/transactions.repository.ts(43,42): error TS2379: Argument of type '{ where: Prisma.TransactionWhereInput | undefined; }' is not assignable to parameter of type 'Subset<TransactionCountArgs<DefaultArgs>, TransactionCountArgs<DefaultArgs>>' with 'exactOptionalPropertyTypes: true'. Consider adding 'undefined' to the types of the target's properties.
  Types of property 'where' are incompatible.
    Type 'TransactionWhereInput | undefined' is not assignable to type 'TransactionWhereInput'.
      Type 'undefined' is not assignable to type 'TransactionWhereInput'.
backend/src/modules/transactions/transactions.service.spec.ts(12,7): error TS6133: 'prisma' is declared but its value is never read.
backend/src/modules/transactions/transactions.service.spec.ts(106,43): error TS2345: Argument of type '{ description: undefined; notes: undefined; amount: number; type: "INCOME"; category: string; date: Date; id: string; userId: string; createdAt: Date; updatedAt: Date; deletedAt: null; }' is not assignable to parameter of type '{ id: string; userId: string; type: TransactionType; createdAt: Date; updatedAt: Date; amount: Decimal; category: string; description: string | null; notes: string | null; date: Date; deletedAt: Date | null; } | Promise<...>'.
  Type '{ description: undefined; notes: undefined; amount: number; type: "INCOME"; category: string; date: Date; id: string; userId: string; createdAt: Date; updatedAt: Date; deletedAt: null; }' is not assignable to type '{ id: string; userId: string; type: TransactionType; createdAt: Date; updatedAt: Date; amount: Decimal; category: string; description: string | null; notes: string | null; date: Date; deletedAt: Date | null; }'.
    Types of property 'amount' are incompatible.
      Type 'number' is not assignable to type 'Decimal'.
backend/src/modules/transactions/transactions.service.spec.ts(127,18): error TS2339: Property 'findAll' does not exist on type 'Mocked<TransactionsRepository>'.
backend/src/modules/transactions/transactions.service.spec.ts(142,25): error TS2339: Property 'findAll' does not exist on type 'Mocked<TransactionsRepository>'.
backend/src/modules/transactions/transactions.service.spec.ts(156,18): error TS2339: Property 'findAll' does not exist on type 'Mocked<TransactionsRepository>'.
backend/src/modules/transactions/transactions.service.spec.ts(167,18): error TS2339: Property 'findAll' does not exist on type 'Mocked<TransactionsRepository>'.
backend/src/modules/transactions/transactions.service.spec.ts(172,25): error TS2339: Property 'findAll' does not exist on type 'Mocked<TransactionsRepository>'.
backend/src/modules/transactions/transactions.service.spec.ts(219,43): error TS2345: Argument of type '{ amount: number; category: string; description: string; id: string; userId: string; type: "EXPENSE"; notes: string; date: Date; createdAt: Date; updatedAt: Date; deletedAt: null; }' is not assignable to parameter of type '{ id: string; userId: string; type: TransactionType; createdAt: Date; updatedAt: Date; amount: Decimal; category: string; description: string | null; notes: string | null; date: Date; deletedAt: Date | null; } | Promise<...>'.
  Type '{ amount: number; category: string; description: string; id: string; userId: string; type: "EXPENSE"; notes: string; date: Date; createdAt: Date; updatedAt: Date; deletedAt: null; }' is not assignable to type '{ id: string; userId: string; type: TransactionType; createdAt: Date; updatedAt: Date; amount: Decimal; category: string; description: string | null; notes: string | null; date: Date; deletedAt: Date | null; }'.
    Types of property 'amount' are incompatible.
      Type 'number' is not assignable to type 'Decimal'.
backend/src/modules/transactions/transactions.service.spec.ts(257,36): error TS2339: Property 'delete' does not exist on type 'TransactionsService'.
backend/src/modules/transactions/transactions.service.spec.ts(266,28): error TS2339: Property 'delete' does not exist on type 'TransactionsService'.
backend/src/modules/transactions/transactions.service.spec.ts(275,28): error TS2339: Property 'delete' does not exist on type 'TransactionsService'.
backend/src/modules/transactions/transactions.service.spec.ts(295,18): error TS2339: Property 'getStatistics' does not exist on type 'Mocked<TransactionsRepository>'.
backend/src/modules/transactions/transactions.service.spec.ts(297,36): error TS2339: Property 'getStatistics' does not exist on type 'TransactionsService'.
backend/src/modules/transactions/transactions.service.spec.ts(303,25): error TS2339: Property 'getStatistics' does not exist on type 'Mocked<TransactionsRepository>'.
backend/src/modules/transactions/transactions.service.spec.ts(320,18): error TS2339: Property 'getStatistics' does not exist on type 'Mocked<TransactionsRepository>'.
backend/src/modules/transactions/transactions.service.spec.ts(322,36): error TS2339: Property 'getStatistics' does not exist on type 'TransactionsService'.
backend/src/modules/transactions/transactions.service.spec.ts(332,18): error TS2339: Property 'exportToCSV' does not exist on type 'Mocked<TransactionsRepository>'.
backend/src/modules/transactions/transactions.service.spec.ts(334,36): error TS2551: Property 'exportCSV' does not exist on type 'TransactionsService'. Did you mean 'exportToCsv'?
backend/src/modules/transactions/transactions.service.spec.ts(337,25): error TS2339: Property 'exportToCSV' does not exist on type 'Mocked<TransactionsRepository>'.
backend/src/modules/transactions/transactions.service.spec.ts(341,13): error TS6133: 'dangerousCSV' is declared but its value is never read.
backend/src/modules/transactions/transactions.service.spec.ts(343,18): error TS2339: Property 'exportToCSV' does not exist on type 'Mocked<TransactionsRepository>'.
backend/src/modules/transactions/transactions.service.spec.ts(345,36): error TS2551: Property 'exportCSV' does not exist on type 'TransactionsService'. Did you mean 'exportToCsv'?
backend/src/modules/transactions/transactions.service.spec.ts(374,18): error TS2339: Property 'bulkCreate' does not exist on type 'Mocked<TransactionsRepository>'.
backend/src/modules/transactions/transactions.service.spec.ts(379,25): error TS2339: Property 'bulkCreate' does not exist on type 'Mocked<TransactionsRepository>'.
backend/src/modules/transactions/transactions.service.spec.ts(383,18): error TS2339: Property 'bulkCreate' does not exist on type 'Mocked<TransactionsRepository>'.
backend/src/modules/transactions/transactions.service.ts(26,22): error TS6138: Property 'prisma' is declared but its value is never read.
backend/src/modules/users/users.service.spec.ts(64,30): error TS2339: Property 'mockResolvedValue' does not exist on type '<T extends UserFindUniqueArgs>(args: SelectSubset<T, UserFindUniqueArgs<DefaultArgs>>) => Prisma__UserClient<GetFindResult<$UserPayload<DefaultArgs>, T, PrismaClientOptions> | null, null, DefaultArgs, PrismaClientOptions>'.
backend/src/modules/users/users.service.spec.ts(80,30): error TS2339: Property 'mockResolvedValue' does not exist on type '<T extends UserFindUniqueArgs>(args: SelectSubset<T, UserFindUniqueArgs<DefaultArgs>>) => Prisma__UserClient<GetFindResult<$UserPayload<DefaultArgs>, T, PrismaClientOptions> | null, null, DefaultArgs, PrismaClientOptions>'.
backend/src/modules/users/users.service.spec.ts(93,30): error TS2339: Property 'mockResolvedValue' does not exist on type '<T extends UserFindUniqueArgs>(args: SelectSubset<T, UserFindUniqueArgs<DefaultArgs>>) => Prisma__UserClient<GetFindResult<$UserPayload<DefaultArgs>, T, PrismaClientOptions> | null, null, DefaultArgs, PrismaClientOptions>'.
backend/src/modules/users/users.service.spec.ts(104,30): error TS2339: Property 'mockResolvedValue' does not exist on type '<T extends UserFindUniqueArgs>(args: SelectSubset<T, UserFindUniqueArgs<DefaultArgs>>) => Prisma__UserClient<GetFindResult<$UserPayload<DefaultArgs>, T, PrismaClientOptions> | null, null, DefaultArgs, PrismaClientOptions>'.
backend/src/modules/users/users.service.spec.ts(121,26): error TS2339: Property 'mockResolvedValue' does not exist on type '<T extends UserUpdateArgs>(args: SelectSubset<T, UserUpdateArgs<DefaultArgs>>) => Prisma__UserClient<GetFindResult<$UserPayload<DefaultArgs>, T, PrismaClientOptions>, never, DefaultArgs, PrismaClientOptions>'.
backend/src/modules/users/users.service.spec.ts(140,26): error TS2339: Property 'mockResolvedValue' does not exist on type '<T extends UserUpdateArgs>(args: SelectSubset<T, UserUpdateArgs<DefaultArgs>>) => Prisma__UserClient<GetFindResult<$UserPayload<DefaultArgs>, T, PrismaClientOptions>, never, DefaultArgs, PrismaClientOptions>'.
backend/src/modules/users/users.service.spec.ts(160,26): error TS2339: Property 'mockResolvedValue' does not exist on type '<T extends UserUpdateArgs>(args: SelectSubset<T, UserUpdateArgs<DefaultArgs>>) => Prisma__UserClient<GetFindResult<$UserPayload<DefaultArgs>, T, PrismaClientOptions>, never, DefaultArgs, PrismaClientOptions>'.
backend/src/modules/users/users.service.spec.ts(176,26): error TS2339: Property 'mockResolvedValue' does not exist on type '<T extends UserUpdateArgs>(args: SelectSubset<T, UserUpdateArgs<DefaultArgs>>) => Prisma__UserClient<GetFindResult<$UserPayload<DefaultArgs>, T, PrismaClientOptions>, never, DefaultArgs, PrismaClientOptions>'.
backend/src/modules/users/users.service.spec.ts(195,26): error TS2339: Property 'mockResolvedValue' does not exist on type '<T extends UserUpdateArgs>(args: SelectSubset<T, UserUpdateArgs<DefaultArgs>>) => Prisma__UserClient<GetFindResult<$UserPayload<DefaultArgs>, T, PrismaClientOptions>, never, DefaultArgs, PrismaClientOptions>'.
backend/src/modules/users/users.service.spec.ts(206,26): error TS2339: Property 'mockResolvedValue' does not exist on type '<T extends UserDeleteArgs>(args: SelectSubset<T, UserDeleteArgs<DefaultArgs>>) => Prisma__UserClient<GetFindResult<$UserPayload<DefaultArgs>, T, PrismaClientOptions>, never, DefaultArgs, PrismaClientOptions>'.
backend/src/modules/users/users.service.spec.ts(217,26): error TS2339: Property 'mockRejectedValue' does not exist on type '<T extends UserDeleteArgs>(args: SelectSubset<T, UserDeleteArgs<DefaultArgs>>) => Prisma__UserClient<GetFindResult<$UserPayload<DefaultArgs>, T, PrismaClientOptions>, never, DefaultArgs, PrismaClientOptions>'.
